Archive member included because of file (symbol)

c:/program files (x86)/atmel/atmel studio 6.0/extensions/atmel/avrgcc/3.4.1.95/avrtoolchain/bin/../lib/gcc/avr/4.6.2/avr51\libgcc.a(_udivmodhi4.o)
                              apps/umqtt.o (__udivmodhi4)
c:/program files (x86)/atmel/atmel studio 6.0/extensions/atmel/avrgcc/3.4.1.95/avrtoolchain/bin/../lib/gcc/avr/4.6.2/avr51\libgcc.a(_udivmodsi4.o)
                              timers/tmr2.o (__udivmodsi4)
c:/program files (x86)/atmel/atmel studio 6.0/extensions/atmel/avrgcc/3.4.1.95/avrtoolchain/bin/../lib/gcc/avr/4.6.2/avr51\libgcc.a(_exit.o)
                              c:/program files (x86)/atmel/atmel studio 6.0/extensions/atmel/avrgcc/3.4.1.95/avrtoolchain/bin/../lib/gcc/avr/4.6.2/../../../../avr/lib/avr51/crtm128.o (exit)
c:/program files (x86)/atmel/atmel studio 6.0/extensions/atmel/avrgcc/3.4.1.95/avrtoolchain/bin/../lib/gcc/avr/4.6.2/avr51\libgcc.a(_copy_data.o)
                              apps/adc.o (__do_copy_data)
c:/program files (x86)/atmel/atmel studio 6.0/extensions/atmel/avrgcc/3.4.1.95/avrtoolchain/bin/../lib/gcc/avr/4.6.2/avr51\libgcc.a(_clear_bss.o)
                              apps/adc.o (__do_clear_bss)
c:/program files (x86)/atmel/atmel studio 6.0/extensions/atmel/avrgcc/3.4.1.95/avrtoolchain/bin/../lib/gcc/avr/4.6.2/../../../../avr/lib/avr51\libc.a(memcmp.o)
                              apps/dhcpc.o (memcmp)
c:/program files (x86)/atmel/atmel studio 6.0/extensions/atmel/avrgcc/3.4.1.95/avrtoolchain/bin/../lib/gcc/avr/4.6.2/../../../../avr/lib/avr51\libc.a(memcpy.o)
                              apps/dhcpc.o (memcpy)
c:/program files (x86)/atmel/atmel studio 6.0/extensions/atmel/avrgcc/3.4.1.95/avrtoolchain/bin/../lib/gcc/avr/4.6.2/../../../../avr/lib/avr51\libc.a(memset.o)
                              apps/dhcpc.o (memset)
c:/program files (x86)/atmel/atmel studio 6.0/extensions/atmel/avrgcc/3.4.1.95/avrtoolchain/bin/../lib/gcc/avr/4.6.2/../../../../avr/lib/avr51\libc.a(puts.o)
                              uip/psock.o (puts)
c:/program files (x86)/atmel/atmel studio 6.0/extensions/atmel/avrgcc/3.4.1.95/avrtoolchain/bin/../lib/gcc/avr/4.6.2/../../../../avr/lib/avr51\libc.a(sprintf.o)
                              main.o (sprintf)
c:/program files (x86)/atmel/atmel studio 6.0/extensions/atmel/avrgcc/3.4.1.95/avrtoolchain/bin/../lib/gcc/avr/4.6.2/../../../../avr/lib/avr51\libc.a(vsnprintf.o)
                              main.o (vsnprintf)
c:/program files (x86)/atmel/atmel studio 6.0/extensions/atmel/avrgcc/3.4.1.95/avrtoolchain/bin/../lib/gcc/avr/4.6.2/../../../../avr/lib/avr51\libc.a(vfprintf_std.o)
                              c:/program files (x86)/atmel/atmel studio 6.0/extensions/atmel/avrgcc/3.4.1.95/avrtoolchain/bin/../lib/gcc/avr/4.6.2/../../../../avr/lib/avr51\libc.a(sprintf.o) (vfprintf)
c:/program files (x86)/atmel/atmel studio 6.0/extensions/atmel/avrgcc/3.4.1.95/avrtoolchain/bin/../lib/gcc/avr/4.6.2/../../../../avr/lib/avr51\libc.a(strnlen_P.o)
                              c:/program files (x86)/atmel/atmel studio 6.0/extensions/atmel/avrgcc/3.4.1.95/avrtoolchain/bin/../lib/gcc/avr/4.6.2/../../../../avr/lib/avr51\libc.a(vfprintf_std.o) (strnlen_P)
c:/program files (x86)/atmel/atmel studio 6.0/extensions/atmel/avrgcc/3.4.1.95/avrtoolchain/bin/../lib/gcc/avr/4.6.2/../../../../avr/lib/avr51\libc.a(strnlen.o)
                              c:/program files (x86)/atmel/atmel studio 6.0/extensions/atmel/avrgcc/3.4.1.95/avrtoolchain/bin/../lib/gcc/avr/4.6.2/../../../../avr/lib/avr51\libc.a(vfprintf_std.o) (strnlen)
c:/program files (x86)/atmel/atmel studio 6.0/extensions/atmel/avrgcc/3.4.1.95/avrtoolchain/bin/../lib/gcc/avr/4.6.2/../../../../avr/lib/avr51\libc.a(fputc.o)
                              c:/program files (x86)/atmel/atmel studio 6.0/extensions/atmel/avrgcc/3.4.1.95/avrtoolchain/bin/../lib/gcc/avr/4.6.2/../../../../avr/lib/avr51\libc.a(vfprintf_std.o) (fputc)
c:/program files (x86)/atmel/atmel studio 6.0/extensions/atmel/avrgcc/3.4.1.95/avrtoolchain/bin/../lib/gcc/avr/4.6.2/../../../../avr/lib/avr51\libc.a(iob.o)
                              c:/program files (x86)/atmel/atmel studio 6.0/extensions/atmel/avrgcc/3.4.1.95/avrtoolchain/bin/../lib/gcc/avr/4.6.2/../../../../avr/lib/avr51\libc.a(puts.o) (__iob)
c:/program files (x86)/atmel/atmel studio 6.0/extensions/atmel/avrgcc/3.4.1.95/avrtoolchain/bin/../lib/gcc/avr/4.6.2/../../../../avr/lib/avr51\libc.a(ultoa_invert.o)
                              c:/program files (x86)/atmel/atmel studio 6.0/extensions/atmel/avrgcc/3.4.1.95/avrtoolchain/bin/../lib/gcc/avr/4.6.2/../../../../avr/lib/avr51\libc.a(vfprintf_std.o) (__ultoa_invert)

Allocating common symbols
Common symbol       size              file

arp_timer           0x4               main.o
mqtt_conn_timer     0x4               main.o
uip_len             0x2               uip/uip.o
spim_Len            0x2               spim/spim.o
nic_send_timer      0x1               main.o
lcd_ip_timer        0x4               main.o
tmr2_handler        0x2               timers/tmr2.o
uip_sappdata        0x2               uip/uip.o
uip_acc32           0x4               uip/uip.o
NextPacketPtr       0x2               enc28j60/enc28j60.o
uip_flags           0x1               uip/uip.o
periodic_timer      0x4               main.o
uip_udp_conn        0x2               uip/uip.o
uip_appdata         0x2               uip/uip.o
uip_conn            0x2               uip/uip.o
uip_conns           0x40              uip/uip.o
lcd_state_timer     0x4               main.o
Enc28j60Bank        0x1               enc28j60/enc28j60.o
uip_listenports     0x4               uip/uip.o
uip_draddr          0x4               uip/uip.o
spi_endfunc         0x2               spim/spim.o
mqtt_kalive_timer   0x4               main.o
__iob               0x6               c:/program files (x86)/atmel/atmel studio 6.0/extensions/atmel/avrgcc/3.4.1.95/avrtoolchain/bin/../lib/gcc/avr/4.6.2/../../../../avr/lib/avr51\libc.a(iob.o)
uip_netmask         0x4               uip/uip.o
uip_hostaddr        0x4               uip/uip.o
mqtt_pub_timer      0x4               main.o
uip_buf             0x192             uip/uip.o
uip_slen            0x2               uip/uip.o
uip_udp_conns       0x60              uip/uip.o

Memory Configuration

Name             Origin             Length             Attributes
text             0x00000000         0x00020000         xr
data             0x00800100         0x0000ff00         rw !x
eeprom           0x00810000         0x00010000         rw !x
fuse             0x00820000         0x00000400         rw !x
lock             0x00830000         0x00000400         rw !x
signature        0x00840000         0x00000400         rw !x
*default*        0x00000000         0xffffffff

Linker script and memory map

Address of section .data set to 0x800100
LOAD c:/program files (x86)/atmel/atmel studio 6.0/extensions/atmel/avrgcc/3.4.1.95/avrtoolchain/bin/../lib/gcc/avr/4.6.2/../../../../avr/lib/avr51/crtm128.o
LOAD apps/adc.o
LOAD apps/dhcpc.o
LOAD apps/lcd.o
LOAD apps/umqtt.o
LOAD delay/delay.o
LOAD Ecotis.o
LOAD enc28j60/enc28j60.o
LOAD main.o
LOAD spim/spim.o
LOAD timers/tmr2.o
LOAD uip/nic.o
LOAD uip/psock.o
LOAD uip/timer.o
LOAD uip/uip-empty-packet.o
LOAD uip/uip-split.o
LOAD uip/uip.o
LOAD uip/uip_arp.o
START GROUP
LOAD c:/program files (x86)/atmel/atmel studio 6.0/extensions/atmel/avrgcc/3.4.1.95/avrtoolchain/bin/../lib/gcc/avr/4.6.2/../../../../avr/lib/avr51\libm.a
END GROUP
LOAD c:/program files (x86)/atmel/atmel studio 6.0/extensions/atmel/avrgcc/3.4.1.95/avrtoolchain/bin/../lib/gcc/avr/4.6.2/avr51\libgcc.a
LOAD c:/program files (x86)/atmel/atmel studio 6.0/extensions/atmel/avrgcc/3.4.1.95/avrtoolchain/bin/../lib/gcc/avr/4.6.2/../../../../avr/lib/avr51\libc.a
LOAD c:/program files (x86)/atmel/atmel studio 6.0/extensions/atmel/avrgcc/3.4.1.95/avrtoolchain/bin/../lib/gcc/avr/4.6.2/avr51\libgcc.a

.hash
 *(.hash)

.dynsym
 *(.dynsym)

.dynstr
 *(.dynstr)

.gnu.version
 *(.gnu.version)

.gnu.version_d
 *(.gnu.version_d)

.gnu.version_r
 *(.gnu.version_r)

.rel.init
 *(.rel.init)

.rela.init
 *(.rela.init)

.rel.text
 *(.rel.text)
 *(.rel.text.*)
 *(.rel.gnu.linkonce.t*)

.rela.text
 *(.rela.text)
 *(.rela.text.*)
 *(.rela.gnu.linkonce.t*)

.rel.fini
 *(.rel.fini)

.rela.fini
 *(.rela.fini)

.rel.rodata
 *(.rel.rodata)
 *(.rel.rodata.*)
 *(.rel.gnu.linkonce.r*)

.rela.rodata
 *(.rela.rodata)
 *(.rela.rodata.*)
 *(.rela.gnu.linkonce.r*)

.rel.data
 *(.rel.data)
 *(.rel.data.*)
 *(.rel.gnu.linkonce.d*)

.rela.data
 *(.rela.data)
 *(.rela.data.*)
 *(.rela.gnu.linkonce.d*)

.rel.ctors
 *(.rel.ctors)

.rela.ctors
 *(.rela.ctors)

.rel.dtors
 *(.rel.dtors)

.rela.dtors
 *(.rela.dtors)

.rel.got
 *(.rel.got)

.rela.got
 *(.rela.got)

.rel.bss
 *(.rel.bss)

.rela.bss
 *(.rela.bss)

.rel.plt
 *(.rel.plt)

.rela.plt
 *(.rela.plt)

.text           0x00000000     0x4fee
 *(.vectors)
 .vectors       0x00000000       0x8c c:/program files (x86)/atmel/atmel studio 6.0/extensions/atmel/avrgcc/3.4.1.95/avrtoolchain/bin/../lib/gcc/avr/4.6.2/../../../../avr/lib/avr51/crtm128.o
                0x00000000                __vector_default
                0x00000000                __vectors
 *(.vectors)
 *(.progmem.gcc*)
 *(.progmem*)
                0x0000008c                . = ALIGN (0x2)
                0x0000008c                __trampolines_start = .
 *(.trampolines)
 .trampolines   0x0000008c        0x0 linker stubs
 *(.trampolines*)
                0x0000008c                __trampolines_end = .
 *(.jumptables)
 *(.jumptables*)
 *(.lowtext)
 *(.lowtext*)
                0x0000008c                __ctors_start = .
 *(.ctors)
                0x0000008c                __ctors_end = .
                0x0000008c                __dtors_start = .
 *(.dtors)
                0x0000008c                __dtors_end = .
 SORT(*)(.ctors)
 SORT(*)(.dtors)
 *(.init0)
 .init0         0x0000008c        0x0 c:/program files (x86)/atmel/atmel studio 6.0/extensions/atmel/avrgcc/3.4.1.95/avrtoolchain/bin/../lib/gcc/avr/4.6.2/../../../../avr/lib/avr51/crtm128.o
                0x0000008c                __init
 *(.init0)
 *(.init1)
 *(.init1)
 *(.init2)
 .init2         0x0000008c        0xc c:/program files (x86)/atmel/atmel studio 6.0/extensions/atmel/avrgcc/3.4.1.95/avrtoolchain/bin/../lib/gcc/avr/4.6.2/../../../../avr/lib/avr51/crtm128.o
 *(.init2)
 *(.init3)
 *(.init3)
 *(.init4)
 .init4         0x00000098       0x1c c:/program files (x86)/atmel/atmel studio 6.0/extensions/atmel/avrgcc/3.4.1.95/avrtoolchain/bin/../lib/gcc/avr/4.6.2/avr51\libgcc.a(_copy_data.o)
                0x00000098                __do_copy_data
 .init4         0x000000b4       0x10 c:/program files (x86)/atmel/atmel studio 6.0/extensions/atmel/avrgcc/3.4.1.95/avrtoolchain/bin/../lib/gcc/avr/4.6.2/avr51\libgcc.a(_clear_bss.o)
                0x000000b4                __do_clear_bss
 *(.init4)
 *(.init5)
 *(.init5)
 *(.init6)
 *(.init6)
 *(.init7)
 *(.init7)
 *(.init8)
 *(.init8)
 *(.init9)
 .init9         0x000000c4        0x8 c:/program files (x86)/atmel/atmel studio 6.0/extensions/atmel/avrgcc/3.4.1.95/avrtoolchain/bin/../lib/gcc/avr/4.6.2/../../../../avr/lib/avr51/crtm128.o
 *(.init9)
 *(.text)
 .text          0x000000cc        0x4 c:/program files (x86)/atmel/atmel studio 6.0/extensions/atmel/avrgcc/3.4.1.95/avrtoolchain/bin/../lib/gcc/avr/4.6.2/../../../../avr/lib/avr51/crtm128.o
                0x000000cc                __vector_22
                0x000000cc                __vector_28
                0x000000cc                __vector_1
                0x000000cc                __vector_32
                0x000000cc                __vector_34
                0x000000cc                __vector_24
                0x000000cc                __vector_12
                0x000000cc                __bad_interrupt
                0x000000cc                __vector_6
                0x000000cc                __vector_31
                0x000000cc                __vector_3
                0x000000cc                __vector_23
                0x000000cc                __vector_30
                0x000000cc                __vector_25
                0x000000cc                __vector_11
                0x000000cc                __vector_13
                0x000000cc                __vector_17
                0x000000cc                __vector_19
                0x000000cc                __vector_7
                0x000000cc                __vector_27
                0x000000cc                __vector_5
                0x000000cc                __vector_33
                0x000000cc                __vector_4
                0x000000cc                __vector_2
                0x000000cc                __vector_21
                0x000000cc                __vector_15
                0x000000cc                __vector_29
                0x000000cc                __vector_8
                0x000000cc                __vector_26
                0x000000cc                __vector_14
                0x000000cc                __vector_10
                0x000000cc                __vector_16
                0x000000cc                __vector_18
                0x000000cc                __vector_20
 .text          0x000000d0       0x1a apps/adc.o
                0x000000d0                ADC_Init
                0x000000de                ADC_convert
 .text          0x000000ea      0x532 apps/dhcpc.o
                0x00000376                dhcpc_init
                0x000003da                dhcpc_appcall
                0x00000602                dhcpc_request
 .text          0x0000061c      0x134 apps/lcd.o
                0x0000061c                sendhalfbyte
                0x00000642                sendbyte
                0x00000664                sendchar
                0x0000066c                setpos
                0x00000680                LCD_ini
                0x0000070e                clearlcd
                0x00000724                str_lcd
 .text          0x00000750      0x9b6 apps/umqtt.o
                0x00000786                umqtt_circ_init
                0x00000796                umqtt_circ_push
                0x0000081e                umqtt_circ_peek
                0x0000089c                umqtt_circ_pop
                0x00000954                umqtt_init
                0x0000096e                umqtt_connect
                0x00000a9e                umqtt_subscribe
                0x00000baa                umqtt_publish
                0x00000c90                umqtt_ping
                0x00000ce8                umqtt_process
                0x00000f7e                umqtt_disconnected
                0x00000f86                umqtt_appcall
                0x00001054                umqtt_isTopicMatched
 .text          0x00001106       0x16 delay/delay.o
                0x00001106                delay_ms
 .text          0x0000111c      0x404 Ecotis.o
                0x0000111c                ecotis_port_init
                0x00001152                ecotis_loading
                0x000011ea                system_state
                0x00001206                load_bk_toner
                0x000012be                load_c_toner
                0x00001382                load_m_toner
                0x00001446                load_y_toner
                0x000014f8                ecotis_task
 .text          0x00001520      0x4ae enc28j60/enc28j60.o
                0x00001520                enc28j60ReadOp
                0x00001546                enc28j60WriteOp
                0x00001560                enc28j60ReadBuffer
                0x00001594                enc28j60WriteBuffer
                0x000015c6                enc28j60SetBank
                0x00001618                enc28j60Read
                0x0000162c                enc28j60Read16
                0x00001658                enc28j60Write
                0x00001674                enc28j60Write16
                0x00001690                enc28j60PhyRead
                0x000016d8                enc28j60PhyWrite
                0x0000170a                enc28j60SoftwareReset
                0x0000171e                enc28j60Init
                0x0000184e                enc28j60getrev
                0x00001856                enc28j60linkup
                0x00001868                enc28j60BeginPacketSend
                0x0000186a                enc28j60ResetTxLogic
                0x0000188a                enc28j60PacketSend
                0x000018d6                enc28j60PollPacketSending
                0x000018e0                enc28j60EndPacketSend
                0x000018e2                enc28j60BeginPacketReceive
                0x0000198c                enc28j60PacketReceive
                0x00001998                enc28j60EndPacketReceive
                0x000019ca                enc28j60ReceiveOverflowRecover
                0x000019cc                enc28j60RegDump
 .text          0x000019ce      0x994 main.o
                0x000019ce                msTick_Handler
                0x00001a34                clock_time
                0x00001a3e                pub_toner_sup_bk
                0x00001ad4                pub_toner_sup_c
                0x00001b6a                pub_toner_sup_m
                0x00001c00                pub_toner_sup_y
                0x00001c96                show_state_lcd
                0x00001cbe                show_ip_lcd
                0x00001dea                clock_init
                0x00001e08                dhcpc_configured
                0x00001e54                nethandler_umqtt_init
                0x00001ed4                str_printf
                0x00001ef8                NetTask
                0x000021d4                main
 .text          0x00002362      0x218 spim/spim.o
                0x00002362                spim_init
                0x00002374                SPI_SendRecvByte
                0x00002388                SPI_SendRecv
                0x000023e2                SPI_recv8b
                0x000023f2                SPI_send8b
                0x000023fe                SPI_SendRecv_irq
                0x00002462                SPI_recv8b_irq
                0x00002478                SPI_send8b_irq
                0x0000248a                ISR
                0x00002502                SPI_send16b
                0x00002538                SPI_recv16b
 .text          0x0000257a      0x196 timers/tmr2.o
                0x0000257a                timer2_getCSregbits
                0x000025d2                tmr2_init
                0x000026ac                tmr2_start
                0x000026b6                tmr2_stop
                0x000026ba                __vector_9
 .text          0x00002710       0x58 uip/nic.o
                0x00002710                nic_init
                0x00002718                nic_send
                0x0000272a                nic_poll
                0x00002762                nic_sending
 .text          0x00002768      0x4cc uip/psock.o
                0x00002828                psock_send
                0x0000288c                psock_generator_send
                0x00002928                psock_datalen
                0x00002938                psock_newdata
                0x00002962                psock_readto
                0x00002aba                psock_readbuf
                0x00002c0c                psock_init
 .text          0x00002c34       0x6e uip/timer.o
                0x00002c34                timer_set
                0x00002c4c                timer_reset
                0x00002c60                timer_restart
                0x00002c74                timer_expired
 .text          0x00002ca2       0x8c uip/uip-empty-packet.o
                0x00002ca2                uip_emtpy_packet_output
 .text          0x00002d2e      0x150 uip/uip-split.o
                0x00002d2e                uip_split_output
 .text          0x00002e7e     0x145a uip/uip.o
                0x00002ef0                uip_setipid
                0x00002efa                uip_add32
                0x00002f9c                uip_chksum
                0x00002fb2                uip_ipchksum
                0x00002fd4                uip_tcpchksum
                0x0000302a                uip_init
                0x00003066                uip_connect
                0x00003206                uip_udp_new
                0x000032f2                uip_unlisten
                0x0000333a                uip_listen
                0x00003382                uip_process
                0x000042ac                uip_send
 .text          0x000042d8      0x5f4 uip/uip_arp.o
                0x0000447e                uip_arp_init
                0x000044bc                uip_arp_timer
                0x00004528                uip_arp_arpin
                0x0000469a                uip_arp_out
 .text          0x000048cc        0x0 c:/program files (x86)/atmel/atmel studio 6.0/extensions/atmel/avrgcc/3.4.1.95/avrtoolchain/bin/../lib/gcc/avr/4.6.2/avr51\libgcc.a(_udivmodhi4.o)
 .text          0x000048cc        0x0 c:/program files (x86)/atmel/atmel studio 6.0/extensions/atmel/avrgcc/3.4.1.95/avrtoolchain/bin/../lib/gcc/avr/4.6.2/avr51\libgcc.a(_udivmodsi4.o)
 .text          0x000048cc        0x0 c:/program files (x86)/atmel/atmel studio 6.0/extensions/atmel/avrgcc/3.4.1.95/avrtoolchain/bin/../lib/gcc/avr/4.6.2/avr51\libgcc.a(_exit.o)
 .text          0x000048cc        0x0 c:/program files (x86)/atmel/atmel studio 6.0/extensions/atmel/avrgcc/3.4.1.95/avrtoolchain/bin/../lib/gcc/avr/4.6.2/avr51\libgcc.a(_copy_data.o)
 .text          0x000048cc        0x0 c:/program files (x86)/atmel/atmel studio 6.0/extensions/atmel/avrgcc/3.4.1.95/avrtoolchain/bin/../lib/gcc/avr/4.6.2/avr51\libgcc.a(_clear_bss.o)
 .text          0x000048cc        0x0 c:/program files (x86)/atmel/atmel studio 6.0/extensions/atmel/avrgcc/3.4.1.95/avrtoolchain/bin/../lib/gcc/avr/4.6.2/../../../../avr/lib/avr51\libc.a(memcmp.o)
 .text          0x000048cc        0x0 c:/program files (x86)/atmel/atmel studio 6.0/extensions/atmel/avrgcc/3.4.1.95/avrtoolchain/bin/../lib/gcc/avr/4.6.2/../../../../avr/lib/avr51\libc.a(memcpy.o)
 .text          0x000048cc        0x0 c:/program files (x86)/atmel/atmel studio 6.0/extensions/atmel/avrgcc/3.4.1.95/avrtoolchain/bin/../lib/gcc/avr/4.6.2/../../../../avr/lib/avr51\libc.a(memset.o)
 .text          0x000048cc        0x0 c:/program files (x86)/atmel/atmel studio 6.0/extensions/atmel/avrgcc/3.4.1.95/avrtoolchain/bin/../lib/gcc/avr/4.6.2/../../../../avr/lib/avr51\libc.a(puts.o)
 .text          0x000048cc        0x0 c:/program files (x86)/atmel/atmel studio 6.0/extensions/atmel/avrgcc/3.4.1.95/avrtoolchain/bin/../lib/gcc/avr/4.6.2/../../../../avr/lib/avr51\libc.a(sprintf.o)
 .text          0x000048cc        0x0 c:/program files (x86)/atmel/atmel studio 6.0/extensions/atmel/avrgcc/3.4.1.95/avrtoolchain/bin/../lib/gcc/avr/4.6.2/../../../../avr/lib/avr51\libc.a(vsnprintf.o)
 .text          0x000048cc        0x0 c:/program files (x86)/atmel/atmel studio 6.0/extensions/atmel/avrgcc/3.4.1.95/avrtoolchain/bin/../lib/gcc/avr/4.6.2/../../../../avr/lib/avr51\libc.a(vfprintf_std.o)
 .text          0x000048cc        0x0 c:/program files (x86)/atmel/atmel studio 6.0/extensions/atmel/avrgcc/3.4.1.95/avrtoolchain/bin/../lib/gcc/avr/4.6.2/../../../../avr/lib/avr51\libc.a(strnlen_P.o)
 .text          0x000048cc        0x0 c:/program files (x86)/atmel/atmel studio 6.0/extensions/atmel/avrgcc/3.4.1.95/avrtoolchain/bin/../lib/gcc/avr/4.6.2/../../../../avr/lib/avr51\libc.a(strnlen.o)
 .text          0x000048cc        0x0 c:/program files (x86)/atmel/atmel studio 6.0/extensions/atmel/avrgcc/3.4.1.95/avrtoolchain/bin/../lib/gcc/avr/4.6.2/../../../../avr/lib/avr51\libc.a(fputc.o)
 .text          0x000048cc        0x0 c:/program files (x86)/atmel/atmel studio 6.0/extensions/atmel/avrgcc/3.4.1.95/avrtoolchain/bin/../lib/gcc/avr/4.6.2/../../../../avr/lib/avr51\libc.a(iob.o)
 .text          0x000048cc        0x0 c:/program files (x86)/atmel/atmel studio 6.0/extensions/atmel/avrgcc/3.4.1.95/avrtoolchain/bin/../lib/gcc/avr/4.6.2/../../../../avr/lib/avr51\libc.a(ultoa_invert.o)
                0x000048cc                . = ALIGN (0x2)
 *(.text.*)
 .text.libgcc   0x000048cc       0x28 c:/program files (x86)/atmel/atmel studio 6.0/extensions/atmel/avrgcc/3.4.1.95/avrtoolchain/bin/../lib/gcc/avr/4.6.2/avr51\libgcc.a(_udivmodhi4.o)
                0x000048cc                __udivmodhi4
 .text.libgcc   0x000048f4       0x44 c:/program files (x86)/atmel/atmel studio 6.0/extensions/atmel/avrgcc/3.4.1.95/avrtoolchain/bin/../lib/gcc/avr/4.6.2/avr51\libgcc.a(_udivmodsi4.o)
                0x000048f4                __udivmodsi4
 .text.libgcc   0x00004938        0x0 c:/program files (x86)/atmel/atmel studio 6.0/extensions/atmel/avrgcc/3.4.1.95/avrtoolchain/bin/../lib/gcc/avr/4.6.2/avr51\libgcc.a(_exit.o)
 .text.libgcc   0x00004938        0x0 c:/program files (x86)/atmel/atmel studio 6.0/extensions/atmel/avrgcc/3.4.1.95/avrtoolchain/bin/../lib/gcc/avr/4.6.2/avr51\libgcc.a(_copy_data.o)
 .text.libgcc   0x00004938        0x0 c:/program files (x86)/atmel/atmel studio 6.0/extensions/atmel/avrgcc/3.4.1.95/avrtoolchain/bin/../lib/gcc/avr/4.6.2/avr51\libgcc.a(_clear_bss.o)
 .text.avr-libc
                0x00004938       0x1a c:/program files (x86)/atmel/atmel studio 6.0/extensions/atmel/avrgcc/3.4.1.95/avrtoolchain/bin/../lib/gcc/avr/4.6.2/../../../../avr/lib/avr51\libc.a(memcmp.o)
                0x00004938                memcmp
 .text.avr-libc
                0x00004952       0x12 c:/program files (x86)/atmel/atmel studio 6.0/extensions/atmel/avrgcc/3.4.1.95/avrtoolchain/bin/../lib/gcc/avr/4.6.2/../../../../avr/lib/avr51\libc.a(memcpy.o)
                0x00004952                memcpy
 .text.avr-libc
                0x00004964        0xe c:/program files (x86)/atmel/atmel studio 6.0/extensions/atmel/avrgcc/3.4.1.95/avrtoolchain/bin/../lib/gcc/avr/4.6.2/../../../../avr/lib/avr51\libc.a(memset.o)
                0x00004964                memset
 .text.avr-libc
                0x00004972       0x5c c:/program files (x86)/atmel/atmel studio 6.0/extensions/atmel/avrgcc/3.4.1.95/avrtoolchain/bin/../lib/gcc/avr/4.6.2/../../../../avr/lib/avr51\libc.a(puts.o)
                0x00004972                puts
 .text.avr-libc
                0x000049ce       0x5e c:/program files (x86)/atmel/atmel studio 6.0/extensions/atmel/avrgcc/3.4.1.95/avrtoolchain/bin/../lib/gcc/avr/4.6.2/../../../../avr/lib/avr51\libc.a(sprintf.o)
                0x000049ce                sprintf
 .text.avr-libc
                0x00004a2c       0x70 c:/program files (x86)/atmel/atmel studio 6.0/extensions/atmel/avrgcc/3.4.1.95/avrtoolchain/bin/../lib/gcc/avr/4.6.2/../../../../avr/lib/avr51\libc.a(vsnprintf.o)
                0x00004a2c                vsnprintf
 .text.avr-libc
                0x00004a9c      0x40e c:/program files (x86)/atmel/atmel studio 6.0/extensions/atmel/avrgcc/3.4.1.95/avrtoolchain/bin/../lib/gcc/avr/4.6.2/../../../../avr/lib/avr51\libc.a(vfprintf_std.o)
                0x00004a9c                vfprintf
 .text.avr-libc
                0x00004eaa       0x16 c:/program files (x86)/atmel/atmel studio 6.0/extensions/atmel/avrgcc/3.4.1.95/avrtoolchain/bin/../lib/gcc/avr/4.6.2/../../../../avr/lib/avr51\libc.a(strnlen_P.o)
                0x00004eaa                strnlen_P
 .text.avr-libc
                0x00004ec0       0x16 c:/program files (x86)/atmel/atmel studio 6.0/extensions/atmel/avrgcc/3.4.1.95/avrtoolchain/bin/../lib/gcc/avr/4.6.2/../../../../avr/lib/avr51\libc.a(strnlen.o)
                0x00004ec0                strnlen
 .text.avr-libc
                0x00004ed6       0x58 c:/program files (x86)/atmel/atmel studio 6.0/extensions/atmel/avrgcc/3.4.1.95/avrtoolchain/bin/../lib/gcc/avr/4.6.2/../../../../avr/lib/avr51\libc.a(fputc.o)
                0x00004ed6                fputc
 .text.avr-libc
                0x00004f2e       0xbc c:/program files (x86)/atmel/atmel studio 6.0/extensions/atmel/avrgcc/3.4.1.95/avrtoolchain/bin/../lib/gcc/avr/4.6.2/../../../../avr/lib/avr51\libc.a(ultoa_invert.o)
                0x00004f2e                __ultoa_invert
                0x00004fea                . = ALIGN (0x2)
 *(.fini9)
 .fini9         0x00004fea        0x0 c:/program files (x86)/atmel/atmel studio 6.0/extensions/atmel/avrgcc/3.4.1.95/avrtoolchain/bin/../lib/gcc/avr/4.6.2/avr51\libgcc.a(_exit.o)
                0x00004fea                _exit
                0x00004fea                exit
 *(.fini9)
 *(.fini8)
 *(.fini8)
 *(.fini7)
 *(.fini7)
 *(.fini6)
 *(.fini6)
 *(.fini5)
 *(.fini5)
 *(.fini4)
 *(.fini4)
 *(.fini3)
 *(.fini3)
 *(.fini2)
 *(.fini2)
 *(.fini1)
 *(.fini1)
 *(.fini0)
 .fini0         0x00004fea        0x4 c:/program files (x86)/atmel/atmel studio 6.0/extensions/atmel/avrgcc/3.4.1.95/avrtoolchain/bin/../lib/gcc/avr/4.6.2/avr51\libgcc.a(_exit.o)
 *(.fini0)
                0x00004fee                _etext = .

.data           0x00800100      0x280 load address 0x00004fee
                0x00800100                PROVIDE (__data_start, .)
 *(.data)
 .data          0x00800100        0x0 c:/program files (x86)/atmel/atmel studio 6.0/extensions/atmel/avrgcc/3.4.1.95/avrtoolchain/bin/../lib/gcc/avr/4.6.2/../../../../avr/lib/avr51/crtm128.o
 .data          0x00800100        0x0 apps/adc.o
 .data          0x00800100        0x8 apps/dhcpc.o
 .data          0x00800108        0x0 apps/lcd.o
 .data          0x00800108        0x0 apps/umqtt.o
 .data          0x00800108        0x0 delay/delay.o
 .data          0x00800108       0xde Ecotis.o
 .data          0x008001e6        0x0 enc28j60/enc28j60.o
 .data          0x008001e6      0x171 main.o
                0x0080031b                _gateway
                0x0080031f                _net_mask
                0x00800323                _ip_addr
                0x00800327                _eth_addr
 .data          0x00800357        0x0 spim/spim.o
 .data          0x00800357        0xf timers/tmr2.o
                0x00800357                tmr2_divs
                0x00800365                CSreg2
 .data          0x00800366        0x0 uip/nic.o
 .data          0x00800366       0x13 uip/psock.o
 .data          0x00800379        0x0 uip/timer.o
 .data          0x00800379        0x0 uip/uip-empty-packet.o
 .data          0x00800379        0x0 uip/uip-split.o
 .data          0x00800379        0x0 uip/uip.o
 .data          0x00800379        0x6 uip/uip_arp.o
 .data          0x0080037f        0x0 c:/program files (x86)/atmel/atmel studio 6.0/extensions/atmel/avrgcc/3.4.1.95/avrtoolchain/bin/../lib/gcc/avr/4.6.2/avr51\libgcc.a(_udivmodhi4.o)
 .data          0x0080037f        0x0 c:/program files (x86)/atmel/atmel studio 6.0/extensions/atmel/avrgcc/3.4.1.95/avrtoolchain/bin/../lib/gcc/avr/4.6.2/avr51\libgcc.a(_udivmodsi4.o)
 .data          0x0080037f        0x0 c:/program files (x86)/atmel/atmel studio 6.0/extensions/atmel/avrgcc/3.4.1.95/avrtoolchain/bin/../lib/gcc/avr/4.6.2/avr51\libgcc.a(_exit.o)
 .data          0x0080037f        0x0 c:/program files (x86)/atmel/atmel studio 6.0/extensions/atmel/avrgcc/3.4.1.95/avrtoolchain/bin/../lib/gcc/avr/4.6.2/avr51\libgcc.a(_copy_data.o)
 .data          0x0080037f        0x0 c:/program files (x86)/atmel/atmel studio 6.0/extensions/atmel/avrgcc/3.4.1.95/avrtoolchain/bin/../lib/gcc/avr/4.6.2/avr51\libgcc.a(_clear_bss.o)
 .data          0x0080037f        0x0 c:/program files (x86)/atmel/atmel studio 6.0/extensions/atmel/avrgcc/3.4.1.95/avrtoolchain/bin/../lib/gcc/avr/4.6.2/../../../../avr/lib/avr51\libc.a(memcmp.o)
 .data          0x0080037f        0x0 c:/program files (x86)/atmel/atmel studio 6.0/extensions/atmel/avrgcc/3.4.1.95/avrtoolchain/bin/../lib/gcc/avr/4.6.2/../../../../avr/lib/avr51\libc.a(memcpy.o)
 .data          0x0080037f        0x0 c:/program files (x86)/atmel/atmel studio 6.0/extensions/atmel/avrgcc/3.4.1.95/avrtoolchain/bin/../lib/gcc/avr/4.6.2/../../../../avr/lib/avr51\libc.a(memset.o)
 .data          0x0080037f        0x0 c:/program files (x86)/atmel/atmel studio 6.0/extensions/atmel/avrgcc/3.4.1.95/avrtoolchain/bin/../lib/gcc/avr/4.6.2/../../../../avr/lib/avr51\libc.a(puts.o)
 .data          0x0080037f        0x0 c:/program files (x86)/atmel/atmel studio 6.0/extensions/atmel/avrgcc/3.4.1.95/avrtoolchain/bin/../lib/gcc/avr/4.6.2/../../../../avr/lib/avr51\libc.a(sprintf.o)
 .data          0x0080037f        0x0 c:/program files (x86)/atmel/atmel studio 6.0/extensions/atmel/avrgcc/3.4.1.95/avrtoolchain/bin/../lib/gcc/avr/4.6.2/../../../../avr/lib/avr51\libc.a(vsnprintf.o)
 .data          0x0080037f        0x0 c:/program files (x86)/atmel/atmel studio 6.0/extensions/atmel/avrgcc/3.4.1.95/avrtoolchain/bin/../lib/gcc/avr/4.6.2/../../../../avr/lib/avr51\libc.a(vfprintf_std.o)
 .data          0x0080037f        0x0 c:/program files (x86)/atmel/atmel studio 6.0/extensions/atmel/avrgcc/3.4.1.95/avrtoolchain/bin/../lib/gcc/avr/4.6.2/../../../../avr/lib/avr51\libc.a(strnlen_P.o)
 .data          0x0080037f        0x0 c:/program files (x86)/atmel/atmel studio 6.0/extensions/atmel/avrgcc/3.4.1.95/avrtoolchain/bin/../lib/gcc/avr/4.6.2/../../../../avr/lib/avr51\libc.a(strnlen.o)
 .data          0x0080037f        0x0 c:/program files (x86)/atmel/atmel studio 6.0/extensions/atmel/avrgcc/3.4.1.95/avrtoolchain/bin/../lib/gcc/avr/4.6.2/../../../../avr/lib/avr51\libc.a(fputc.o)
 .data          0x0080037f        0x0 c:/program files (x86)/atmel/atmel studio 6.0/extensions/atmel/avrgcc/3.4.1.95/avrtoolchain/bin/../lib/gcc/avr/4.6.2/../../../../avr/lib/avr51\libc.a(iob.o)
 .data          0x0080037f        0x0 c:/program files (x86)/atmel/atmel studio 6.0/extensions/atmel/avrgcc/3.4.1.95/avrtoolchain/bin/../lib/gcc/avr/4.6.2/../../../../avr/lib/avr51\libc.a(ultoa_invert.o)
 *(.data*)
 *(.rodata)
 *(.rodata*)
 *(.gnu.linkonce.d*)
                0x00800380                . = ALIGN (0x2)
 *fill*         0x0080037f        0x1 00
                0x00800380                _edata = .
                0x00800380                PROVIDE (__data_end, .)

.bss            0x00800380      0x489
                0x00800380                PROVIDE (__bss_start, .)
 *(.bss)
 .bss           0x00800380        0x0 c:/program files (x86)/atmel/atmel studio 6.0/extensions/atmel/avrgcc/3.4.1.95/avrtoolchain/bin/../lib/gcc/avr/4.6.2/../../../../avr/lib/avr51/crtm128.o
 .bss           0x00800380        0x0 apps/adc.o
 .bss           0x00800380       0x27 apps/dhcpc.o
 .bss           0x008003a7        0x0 apps/lcd.o
 .bss           0x008003a7        0x0 apps/umqtt.o
 .bss           0x008003a7        0x0 delay/delay.o
 .bss           0x008003a7        0x0 Ecotis.o
 .bss           0x008003a7        0x0 enc28j60/enc28j60.o
 .bss           0x008003a7      0x16c main.o
                0x008003a7                nic_txreset_num
                0x008003a9                toner_y_count
                0x008003aa                toner_m_count
                0x008003ab                toner_c_count
                0x008003ac                toner_bk_count
 .bss           0x00800513        0x5 spim/spim.o
                0x00800513                spim_IsBisy
 .bss           0x00800518        0x0 timers/tmr2.o
 .bss           0x00800518        0x0 uip/nic.o
 .bss           0x00800518        0x0 uip/psock.o
 .bss           0x00800518        0x0 uip/timer.o
 .bss           0x00800518        0x0 uip/uip-empty-packet.o
 .bss           0x00800518        0x0 uip/uip-split.o
 .bss           0x00800518       0x12 uip/uip.o
                0x00800518                uip_ethaddr
 .bss           0x0080052a       0x60 uip/uip_arp.o
 .bss           0x0080058a        0x0 c:/program files (x86)/atmel/atmel studio 6.0/extensions/atmel/avrgcc/3.4.1.95/avrtoolchain/bin/../lib/gcc/avr/4.6.2/avr51\libgcc.a(_udivmodhi4.o)
 .bss           0x0080058a        0x0 c:/program files (x86)/atmel/atmel studio 6.0/extensions/atmel/avrgcc/3.4.1.95/avrtoolchain/bin/../lib/gcc/avr/4.6.2/avr51\libgcc.a(_udivmodsi4.o)
 .bss           0x0080058a        0x0 c:/program files (x86)/atmel/atmel studio 6.0/extensions/atmel/avrgcc/3.4.1.95/avrtoolchain/bin/../lib/gcc/avr/4.6.2/avr51\libgcc.a(_exit.o)
 .bss           0x0080058a        0x0 c:/program files (x86)/atmel/atmel studio 6.0/extensions/atmel/avrgcc/3.4.1.95/avrtoolchain/bin/../lib/gcc/avr/4.6.2/avr51\libgcc.a(_copy_data.o)
 .bss           0x0080058a        0x0 c:/program files (x86)/atmel/atmel studio 6.0/extensions/atmel/avrgcc/3.4.1.95/avrtoolchain/bin/../lib/gcc/avr/4.6.2/avr51\libgcc.a(_clear_bss.o)
 .bss           0x0080058a        0x0 c:/program files (x86)/atmel/atmel studio 6.0/extensions/atmel/avrgcc/3.4.1.95/avrtoolchain/bin/../lib/gcc/avr/4.6.2/../../../../avr/lib/avr51\libc.a(memcmp.o)
 .bss           0x0080058a        0x0 c:/program files (x86)/atmel/atmel studio 6.0/extensions/atmel/avrgcc/3.4.1.95/avrtoolchain/bin/../lib/gcc/avr/4.6.2/../../../../avr/lib/avr51\libc.a(memcpy.o)
 .bss           0x0080058a        0x0 c:/program files (x86)/atmel/atmel studio 6.0/extensions/atmel/avrgcc/3.4.1.95/avrtoolchain/bin/../lib/gcc/avr/4.6.2/../../../../avr/lib/avr51\libc.a(memset.o)
 .bss           0x0080058a        0x0 c:/program files (x86)/atmel/atmel studio 6.0/extensions/atmel/avrgcc/3.4.1.95/avrtoolchain/bin/../lib/gcc/avr/4.6.2/../../../../avr/lib/avr51\libc.a(puts.o)
 .bss           0x0080058a        0x0 c:/program files (x86)/atmel/atmel studio 6.0/extensions/atmel/avrgcc/3.4.1.95/avrtoolchain/bin/../lib/gcc/avr/4.6.2/../../../../avr/lib/avr51\libc.a(sprintf.o)
 .bss           0x0080058a        0x0 c:/program files (x86)/atmel/atmel studio 6.0/extensions/atmel/avrgcc/3.4.1.95/avrtoolchain/bin/../lib/gcc/avr/4.6.2/../../../../avr/lib/avr51\libc.a(vsnprintf.o)
 .bss           0x0080058a        0x0 c:/program files (x86)/atmel/atmel studio 6.0/extensions/atmel/avrgcc/3.4.1.95/avrtoolchain/bin/../lib/gcc/avr/4.6.2/../../../../avr/lib/avr51\libc.a(vfprintf_std.o)
 .bss           0x0080058a        0x0 c:/program files (x86)/atmel/atmel studio 6.0/extensions/atmel/avrgcc/3.4.1.95/avrtoolchain/bin/../lib/gcc/avr/4.6.2/../../../../avr/lib/avr51\libc.a(strnlen_P.o)
 .bss           0x0080058a        0x0 c:/program files (x86)/atmel/atmel studio 6.0/extensions/atmel/avrgcc/3.4.1.95/avrtoolchain/bin/../lib/gcc/avr/4.6.2/../../../../avr/lib/avr51\libc.a(strnlen.o)
 .bss           0x0080058a        0x0 c:/program files (x86)/atmel/atmel studio 6.0/extensions/atmel/avrgcc/3.4.1.95/avrtoolchain/bin/../lib/gcc/avr/4.6.2/../../../../avr/lib/avr51\libc.a(fputc.o)
 .bss           0x0080058a        0x0 c:/program files (x86)/atmel/atmel studio 6.0/extensions/atmel/avrgcc/3.4.1.95/avrtoolchain/bin/../lib/gcc/avr/4.6.2/../../../../avr/lib/avr51\libc.a(iob.o)
 .bss           0x0080058a        0x0 c:/program files (x86)/atmel/atmel studio 6.0/extensions/atmel/avrgcc/3.4.1.95/avrtoolchain/bin/../lib/gcc/avr/4.6.2/../../../../avr/lib/avr51\libc.a(ultoa_invert.o)
 *(.bss*)
 *(COMMON)
 COMMON         0x0080058a        0x3 enc28j60/enc28j60.o
                0x0080058a                NextPacketPtr
                0x0080058c                Enc28j60Bank
 COMMON         0x0080058d       0x1d main.o
                0x0080058d                arp_timer
                0x00800591                mqtt_conn_timer
                0x00800595                nic_send_timer
                0x00800596                lcd_ip_timer
                0x0080059a                periodic_timer
                0x0080059e                lcd_state_timer
                0x008005a2                mqtt_kalive_timer
                0x008005a6                mqtt_pub_timer
 COMMON         0x008005aa        0x4 spim/spim.o
                0x008005aa                spim_Len
                0x008005ac                spi_endfunc
 COMMON         0x008005ae        0x2 timers/tmr2.o
                0x008005ae                tmr2_handler
 COMMON         0x008005b0      0x253 uip/uip.o
                0x008005b0                uip_len
                0x008005b2                uip_sappdata
                0x008005b4                uip_acc32
                0x008005b8                uip_flags
                0x008005b9                uip_udp_conn
                0x008005bb                uip_appdata
                0x008005bd                uip_conn
                0x008005bf                uip_conns
                0x008005ff                uip_listenports
                0x00800603                uip_draddr
                0x00800607                uip_netmask
                0x0080060b                uip_hostaddr
                0x0080060f                uip_buf
                0x008007a1                uip_slen
                0x008007a3                uip_udp_conns
 COMMON         0x00800803        0x6 c:/program files (x86)/atmel/atmel studio 6.0/extensions/atmel/avrgcc/3.4.1.95/avrtoolchain/bin/../lib/gcc/avr/4.6.2/../../../../avr/lib/avr51\libc.a(iob.o)
                0x00800803                __iob
                0x00800809                PROVIDE (__bss_end, .)
                0x00004fee                __data_load_start = LOADADDR (.data)
                0x0000526e                __data_load_end = (__data_load_start + SIZEOF (.data))

.noinit         0x00800809        0x0
                0x00800809                PROVIDE (__noinit_start, .)
 *(.noinit*)
                0x00800809                PROVIDE (__noinit_end, .)
                0x00800809                _end = .
                0x00800809                PROVIDE (__heap_start, .)

.eeprom         0x00810000        0x0
 *(.eeprom*)
                0x00810000                __eeprom_end = .

.fuse
 *(.fuse)
 *(.lfuse)
 *(.hfuse)
 *(.efuse)

.lock
 *(.lock*)

.signature
 *(.signature*)

.stab           0x00000000      0xe28
 *(.stab)
 .stab          0x00000000      0x6cc c:/program files (x86)/atmel/atmel studio 6.0/extensions/atmel/avrgcc/3.4.1.95/avrtoolchain/bin/../lib/gcc/avr/4.6.2/../../../../avr/lib/avr51/crtm128.o
 .stab          0x000006cc       0xb4 c:/program files (x86)/atmel/atmel studio 6.0/extensions/atmel/avrgcc/3.4.1.95/avrtoolchain/bin/../lib/gcc/avr/4.6.2/../../../../avr/lib/avr51\libc.a(memcmp.o)
                                 0xc0 (size before relaxing)
 .stab          0x00000780       0x84 c:/program files (x86)/atmel/atmel studio 6.0/extensions/atmel/avrgcc/3.4.1.95/avrtoolchain/bin/../lib/gcc/avr/4.6.2/../../../../avr/lib/avr51\libc.a(memcpy.o)
                                 0x90 (size before relaxing)
 .stab          0x00000804       0x6c c:/program files (x86)/atmel/atmel studio 6.0/extensions/atmel/avrgcc/3.4.1.95/avrtoolchain/bin/../lib/gcc/avr/4.6.2/../../../../avr/lib/avr51\libc.a(memset.o)
                                 0x78 (size before relaxing)
 .stab          0x00000870       0x9c c:/program files (x86)/atmel/atmel studio 6.0/extensions/atmel/avrgcc/3.4.1.95/avrtoolchain/bin/../lib/gcc/avr/4.6.2/../../../../avr/lib/avr51\libc.a(strnlen_P.o)
                                 0xa8 (size before relaxing)
 .stab          0x0000090c       0x9c c:/program files (x86)/atmel/atmel studio 6.0/extensions/atmel/avrgcc/3.4.1.95/avrtoolchain/bin/../lib/gcc/avr/4.6.2/../../../../avr/lib/avr51\libc.a(strnlen.o)
                                 0xa8 (size before relaxing)
 .stab          0x000009a8      0x480 c:/program files (x86)/atmel/atmel studio 6.0/extensions/atmel/avrgcc/3.4.1.95/avrtoolchain/bin/../lib/gcc/avr/4.6.2/../../../../avr/lib/avr51\libc.a(ultoa_invert.o)
                                0x48c (size before relaxing)

.stabstr        0x00000000      0x2dc
 *(.stabstr)
 .stabstr       0x00000000      0x2dc c:/program files (x86)/atmel/atmel studio 6.0/extensions/atmel/avrgcc/3.4.1.95/avrtoolchain/bin/../lib/gcc/avr/4.6.2/../../../../avr/lib/avr51/crtm128.o

.stab.excl
 *(.stab.excl)

.stab.exclstr
 *(.stab.exclstr)

.stab.index
 *(.stab.index)

.stab.indexstr
 *(.stab.indexstr)

.comment
 *(.comment)

.debug
 *(.debug)

.line
 *(.line)

.debug_srcinfo
 *(.debug_srcinfo)

.debug_sfnames
 *(.debug_sfnames)

.debug_aranges  0x00000000      0x360
 *(.debug_aranges)
 .debug_aranges
                0x00000000       0x20 apps/adc.o
 .debug_aranges
                0x00000020       0x20 apps/dhcpc.o
 .debug_aranges
                0x00000040       0x20 apps/lcd.o
 .debug_aranges
                0x00000060       0x20 apps/umqtt.o
 .debug_aranges
                0x00000080       0x20 delay/delay.o
 .debug_aranges
                0x000000a0       0x20 Ecotis.o
 .debug_aranges
                0x000000c0       0x20 enc28j60/enc28j60.o
 .debug_aranges
                0x000000e0       0x20 main.o
 .debug_aranges
                0x00000100       0x20 spim/spim.o
 .debug_aranges
                0x00000120       0x20 timers/tmr2.o
 .debug_aranges
                0x00000140       0x20 uip/nic.o
 .debug_aranges
                0x00000160       0x20 uip/psock.o
 .debug_aranges
                0x00000180       0x20 uip/timer.o
 .debug_aranges
                0x000001a0       0x20 uip/uip-empty-packet.o
 .debug_aranges
                0x000001c0       0x20 uip/uip-split.o
 .debug_aranges
                0x000001e0       0x20 uip/uip.o
 .debug_aranges
                0x00000200       0x20 uip/uip_arp.o
 .debug_aranges
                0x00000220       0x20 c:/program files (x86)/atmel/atmel studio 6.0/extensions/atmel/avrgcc/3.4.1.95/avrtoolchain/bin/../lib/gcc/avr/4.6.2/avr51\libgcc.a(_udivmodhi4.o)
 .debug_aranges
                0x00000240       0x20 c:/program files (x86)/atmel/atmel studio 6.0/extensions/atmel/avrgcc/3.4.1.95/avrtoolchain/bin/../lib/gcc/avr/4.6.2/avr51\libgcc.a(_udivmodsi4.o)
 .debug_aranges
                0x00000260       0x20 c:/program files (x86)/atmel/atmel studio 6.0/extensions/atmel/avrgcc/3.4.1.95/avrtoolchain/bin/../lib/gcc/avr/4.6.2/avr51\libgcc.a(_exit.o)
 .debug_aranges
                0x00000280       0x20 c:/program files (x86)/atmel/atmel studio 6.0/extensions/atmel/avrgcc/3.4.1.95/avrtoolchain/bin/../lib/gcc/avr/4.6.2/avr51\libgcc.a(_copy_data.o)
 .debug_aranges
                0x000002a0       0x20 c:/program files (x86)/atmel/atmel studio 6.0/extensions/atmel/avrgcc/3.4.1.95/avrtoolchain/bin/../lib/gcc/avr/4.6.2/avr51\libgcc.a(_clear_bss.o)
 .debug_aranges
                0x000002c0       0x20 c:/program files (x86)/atmel/atmel studio 6.0/extensions/atmel/avrgcc/3.4.1.95/avrtoolchain/bin/../lib/gcc/avr/4.6.2/../../../../avr/lib/avr51\libc.a(puts.o)
 .debug_aranges
                0x000002e0       0x20 c:/program files (x86)/atmel/atmel studio 6.0/extensions/atmel/avrgcc/3.4.1.95/avrtoolchain/bin/../lib/gcc/avr/4.6.2/../../../../avr/lib/avr51\libc.a(sprintf.o)
 .debug_aranges
                0x00000300       0x20 c:/program files (x86)/atmel/atmel studio 6.0/extensions/atmel/avrgcc/3.4.1.95/avrtoolchain/bin/../lib/gcc/avr/4.6.2/../../../../avr/lib/avr51\libc.a(vsnprintf.o)
 .debug_aranges
                0x00000320       0x20 c:/program files (x86)/atmel/atmel studio 6.0/extensions/atmel/avrgcc/3.4.1.95/avrtoolchain/bin/../lib/gcc/avr/4.6.2/../../../../avr/lib/avr51\libc.a(vfprintf_std.o)
 .debug_aranges
                0x00000340       0x20 c:/program files (x86)/atmel/atmel studio 6.0/extensions/atmel/avrgcc/3.4.1.95/avrtoolchain/bin/../lib/gcc/avr/4.6.2/../../../../avr/lib/avr51\libc.a(fputc.o)

.debug_pubnames
 *(.debug_pubnames)

.debug_info     0x00000000     0x71aa
 *(.debug_info)
 .debug_info    0x00000000       0xa2 apps/adc.o
 .debug_info    0x000000a2      0x7b3 apps/dhcpc.o
 .debug_info    0x00000855      0x500 apps/lcd.o
 .debug_info    0x00000d55      0xbc2 apps/umqtt.o
 .debug_info    0x00001917      0x123 delay/delay.o
 .debug_info    0x00001a3a      0x8f6 Ecotis.o
 .debug_info    0x00002330      0x542 enc28j60/enc28j60.o
 .debug_info    0x00002872      0xd5c main.o
 .debug_info    0x000035ce      0x41e spim/spim.o
 .debug_info    0x000039ec      0x1e2 timers/tmr2.o
 .debug_info    0x00003bce      0x16b uip/nic.o
 .debug_info    0x00003d39      0x8c2 uip/psock.o
 .debug_info    0x000045fb      0x14e uip/timer.o
 .debug_info    0x00004749      0x260 uip/uip-empty-packet.o
 .debug_info    0x000049a9      0x2cc uip/uip-split.o
 .debug_info    0x00004c75     0x10b1 uip/uip.o
 .debug_info    0x00005d26      0x500 uip/uip_arp.o
 .debug_info    0x00006226       0xde c:/program files (x86)/atmel/atmel studio 6.0/extensions/atmel/avrgcc/3.4.1.95/avrtoolchain/bin/../lib/gcc/avr/4.6.2/avr51\libgcc.a(_udivmodhi4.o)
 .debug_info    0x00006304       0xde c:/program files (x86)/atmel/atmel studio 6.0/extensions/atmel/avrgcc/3.4.1.95/avrtoolchain/bin/../lib/gcc/avr/4.6.2/avr51\libgcc.a(_udivmodsi4.o)
 .debug_info    0x000063e2       0xde c:/program files (x86)/atmel/atmel studio 6.0/extensions/atmel/avrgcc/3.4.1.95/avrtoolchain/bin/../lib/gcc/avr/4.6.2/avr51\libgcc.a(_exit.o)
 .debug_info    0x000064c0       0xde c:/program files (x86)/atmel/atmel studio 6.0/extensions/atmel/avrgcc/3.4.1.95/avrtoolchain/bin/../lib/gcc/avr/4.6.2/avr51\libgcc.a(_copy_data.o)
 .debug_info    0x0000659e       0xde c:/program files (x86)/atmel/atmel studio 6.0/extensions/atmel/avrgcc/3.4.1.95/avrtoolchain/bin/../lib/gcc/avr/4.6.2/avr51\libgcc.a(_clear_bss.o)
 .debug_info    0x0000667c      0x1ab c:/program files (x86)/atmel/atmel studio 6.0/extensions/atmel/avrgcc/3.4.1.95/avrtoolchain/bin/../lib/gcc/avr/4.6.2/../../../../avr/lib/avr51\libc.a(puts.o)
 .debug_info    0x00006827      0x1b7 c:/program files (x86)/atmel/atmel studio 6.0/extensions/atmel/avrgcc/3.4.1.95/avrtoolchain/bin/../lib/gcc/avr/4.6.2/../../../../avr/lib/avr51\libc.a(sprintf.o)
 .debug_info    0x000069de      0x1d4 c:/program files (x86)/atmel/atmel studio 6.0/extensions/atmel/avrgcc/3.4.1.95/avrtoolchain/bin/../lib/gcc/avr/4.6.2/../../../../avr/lib/avr51\libc.a(vsnprintf.o)
 .debug_info    0x00006bb2      0x342 c:/program files (x86)/atmel/atmel studio 6.0/extensions/atmel/avrgcc/3.4.1.95/avrtoolchain/bin/../lib/gcc/avr/4.6.2/../../../../avr/lib/avr51\libc.a(vfprintf_std.o)
 .debug_info    0x00006ef4      0x167 c:/program files (x86)/atmel/atmel studio 6.0/extensions/atmel/avrgcc/3.4.1.95/avrtoolchain/bin/../lib/gcc/avr/4.6.2/../../../../avr/lib/avr51\libc.a(fputc.o)
 .debug_info    0x0000705b      0x14f c:/program files (x86)/atmel/atmel studio 6.0/extensions/atmel/avrgcc/3.4.1.95/avrtoolchain/bin/../lib/gcc/avr/4.6.2/../../../../avr/lib/avr51\libc.a(iob.o)
 *(.gnu.linkonce.wi.*)

.debug_abbrev   0x00000000     0x213d
 *(.debug_abbrev)
 .debug_abbrev  0x00000000       0x63 apps/adc.o
 .debug_abbrev  0x00000063      0x2ce apps/dhcpc.o
 .debug_abbrev  0x00000331      0x156 apps/lcd.o
 .debug_abbrev  0x00000487      0x332 apps/umqtt.o
 .debug_abbrev  0x000007b9       0xcf delay/delay.o
 .debug_abbrev  0x00000888      0x15e Ecotis.o
 .debug_abbrev  0x000009e6      0x19b enc28j60/enc28j60.o
 .debug_abbrev  0x00000b81      0x2d9 main.o
 .debug_abbrev  0x00000e5a      0x155 spim/spim.o
 .debug_abbrev  0x00000faf      0x112 timers/tmr2.o
 .debug_abbrev  0x000010c1       0xdd uip/nic.o
 .debug_abbrev  0x0000119e      0x28e uip/psock.o
 .debug_abbrev  0x0000142c       0xc1 uip/timer.o
 .debug_abbrev  0x000014ed       0xa5 uip/uip-empty-packet.o
 .debug_abbrev  0x00001592       0xbd uip/uip-split.o
 .debug_abbrev  0x0000164f      0x307 uip/uip.o
 .debug_abbrev  0x00001956      0x19b uip/uip_arp.o
 .debug_abbrev  0x00001af1       0x14 c:/program files (x86)/atmel/atmel studio 6.0/extensions/atmel/avrgcc/3.4.1.95/avrtoolchain/bin/../lib/gcc/avr/4.6.2/avr51\libgcc.a(_udivmodhi4.o)
 .debug_abbrev  0x00001b05       0x14 c:/program files (x86)/atmel/atmel studio 6.0/extensions/atmel/avrgcc/3.4.1.95/avrtoolchain/bin/../lib/gcc/avr/4.6.2/avr51\libgcc.a(_udivmodsi4.o)
 .debug_abbrev  0x00001b19       0x14 c:/program files (x86)/atmel/atmel studio 6.0/extensions/atmel/avrgcc/3.4.1.95/avrtoolchain/bin/../lib/gcc/avr/4.6.2/avr51\libgcc.a(_exit.o)
 .debug_abbrev  0x00001b2d       0x14 c:/program files (x86)/atmel/atmel studio 6.0/extensions/atmel/avrgcc/3.4.1.95/avrtoolchain/bin/../lib/gcc/avr/4.6.2/avr51\libgcc.a(_copy_data.o)
 .debug_abbrev  0x00001b41       0x14 c:/program files (x86)/atmel/atmel studio 6.0/extensions/atmel/avrgcc/3.4.1.95/avrtoolchain/bin/../lib/gcc/avr/4.6.2/avr51\libgcc.a(_clear_bss.o)
 .debug_abbrev  0x00001b55      0x101 c:/program files (x86)/atmel/atmel studio 6.0/extensions/atmel/avrgcc/3.4.1.95/avrtoolchain/bin/../lib/gcc/avr/4.6.2/../../../../avr/lib/avr51\libc.a(puts.o)
 .debug_abbrev  0x00001c56       0xfd c:/program files (x86)/atmel/atmel studio 6.0/extensions/atmel/avrgcc/3.4.1.95/avrtoolchain/bin/../lib/gcc/avr/4.6.2/../../../../avr/lib/avr51\libc.a(sprintf.o)
 .debug_abbrev  0x00001d53       0xeb c:/program files (x86)/atmel/atmel studio 6.0/extensions/atmel/avrgcc/3.4.1.95/avrtoolchain/bin/../lib/gcc/avr/4.6.2/../../../../avr/lib/avr51\libc.a(vsnprintf.o)
 .debug_abbrev  0x00001e3e      0x161 c:/program files (x86)/atmel/atmel studio 6.0/extensions/atmel/avrgcc/3.4.1.95/avrtoolchain/bin/../lib/gcc/avr/4.6.2/../../../../avr/lib/avr51\libc.a(vfprintf_std.o)
 .debug_abbrev  0x00001f9f       0xd9 c:/program files (x86)/atmel/atmel studio 6.0/extensions/atmel/avrgcc/3.4.1.95/avrtoolchain/bin/../lib/gcc/avr/4.6.2/../../../../avr/lib/avr51\libc.a(fputc.o)
 .debug_abbrev  0x00002078       0xc5 c:/program files (x86)/atmel/atmel studio 6.0/extensions/atmel/avrgcc/3.4.1.95/avrtoolchain/bin/../lib/gcc/avr/4.6.2/../../../../avr/lib/avr51\libc.a(iob.o)

.debug_line     0x00000000     0x2ad3
 *(.debug_line)
 .debug_line    0x00000000       0xdd apps/adc.o
 .debug_line    0x000000dd      0x1e1 apps/dhcpc.o
 .debug_line    0x000002be      0x21a apps/lcd.o
 .debug_line    0x000004d8      0x28c apps/umqtt.o
 .debug_line    0x00000764      0x180 delay/delay.o
 .debug_line    0x000008e4      0x2a1 Ecotis.o
 .debug_line    0x00000b85      0x1a3 enc28j60/enc28j60.o
 .debug_line    0x00000d28      0x2fa main.o
 .debug_line    0x00001022      0x1a7 spim/spim.o
 .debug_line    0x000011c9      0x119 timers/tmr2.o
 .debug_line    0x000012e2       0xfa uip/nic.o
 .debug_line    0x000013dc      0x20a uip/psock.o
 .debug_line    0x000015e6      0x101 uip/timer.o
 .debug_line    0x000016e7      0x110 uip/uip-empty-packet.o
 .debug_line    0x000017f7      0x11f uip/uip-split.o
 .debug_line    0x00001916      0x519 uip/uip.o
 .debug_line    0x00001e2f      0x1d3 uip/uip_arp.o
 .debug_line    0x00002002       0x9a c:/program files (x86)/atmel/atmel studio 6.0/extensions/atmel/avrgcc/3.4.1.95/avrtoolchain/bin/../lib/gcc/avr/4.6.2/avr51\libgcc.a(_udivmodhi4.o)
 .debug_line    0x0000209c       0xa8 c:/program files (x86)/atmel/atmel studio 6.0/extensions/atmel/avrgcc/3.4.1.95/avrtoolchain/bin/../lib/gcc/avr/4.6.2/avr51\libgcc.a(_udivmodsi4.o)
 .debug_line    0x00002144       0x88 c:/program files (x86)/atmel/atmel studio 6.0/extensions/atmel/avrgcc/3.4.1.95/avrtoolchain/bin/../lib/gcc/avr/4.6.2/avr51\libgcc.a(_exit.o)
 .debug_line    0x000021cc       0x96 c:/program files (x86)/atmel/atmel studio 6.0/extensions/atmel/avrgcc/3.4.1.95/avrtoolchain/bin/../lib/gcc/avr/4.6.2/avr51\libgcc.a(_copy_data.o)
 .debug_line    0x00002262       0x8e c:/program files (x86)/atmel/atmel studio 6.0/extensions/atmel/avrgcc/3.4.1.95/avrtoolchain/bin/../lib/gcc/avr/4.6.2/avr51\libgcc.a(_clear_bss.o)
 .debug_line    0x000022f0       0xec c:/program files (x86)/atmel/atmel studio 6.0/extensions/atmel/avrgcc/3.4.1.95/avrtoolchain/bin/../lib/gcc/avr/4.6.2/../../../../avr/lib/avr51\libc.a(puts.o)
 .debug_line    0x000023dc      0x157 c:/program files (x86)/atmel/atmel studio 6.0/extensions/atmel/avrgcc/3.4.1.95/avrtoolchain/bin/../lib/gcc/avr/4.6.2/../../../../avr/lib/avr51\libc.a(sprintf.o)
 .debug_line    0x00002533      0x167 c:/program files (x86)/atmel/atmel studio 6.0/extensions/atmel/avrgcc/3.4.1.95/avrtoolchain/bin/../lib/gcc/avr/4.6.2/../../../../avr/lib/avr51\libc.a(vsnprintf.o)
 .debug_line    0x0000269a      0x291 c:/program files (x86)/atmel/atmel studio 6.0/extensions/atmel/avrgcc/3.4.1.95/avrtoolchain/bin/../lib/gcc/avr/4.6.2/../../../../avr/lib/avr51\libc.a(vfprintf_std.o)
 .debug_line    0x0000292b       0xe1 c:/program files (x86)/atmel/atmel studio 6.0/extensions/atmel/avrgcc/3.4.1.95/avrtoolchain/bin/../lib/gcc/avr/4.6.2/../../../../avr/lib/avr51\libc.a(fputc.o)
 .debug_line    0x00002a0c       0xc7 c:/program files (x86)/atmel/atmel studio 6.0/extensions/atmel/avrgcc/3.4.1.95/avrtoolchain/bin/../lib/gcc/avr/4.6.2/../../../../avr/lib/avr51\libc.a(iob.o)

.debug_frame    0x00000000     0x1154
 *(.debug_frame)
 .debug_frame   0x00000000       0x34 apps/adc.o
 .debug_frame   0x00000034       0xe0 apps/dhcpc.o
 .debug_frame   0x00000114       0x9c apps/lcd.o
 .debug_frame   0x000001b0      0x284 apps/umqtt.o
 .debug_frame   0x00000434       0x24 delay/delay.o
 .debug_frame   0x00000458       0xa0 Ecotis.o
 .debug_frame   0x000004f8      0x26c enc28j60/enc28j60.o
 .debug_frame   0x00000764      0x1fc main.o
 .debug_frame   0x00000960       0xf4 spim/spim.o
 .debug_frame   0x00000a54       0xf4 timers/tmr2.o
 .debug_frame   0x00000b48       0x60 uip/nic.o
 .debug_frame   0x00000ba8      0x128 uip/psock.o
 .debug_frame   0x00000cd0       0x78 uip/timer.o
 .debug_frame   0x00000d48       0x24 uip/uip-empty-packet.o
 .debug_frame   0x00000d6c       0x38 uip/uip-split.o
 .debug_frame   0x00000da4      0x1a0 uip/uip.o
 .debug_frame   0x00000f44       0xa4 uip/uip_arp.o
 .debug_frame   0x00000fe8       0x38 c:/program files (x86)/atmel/atmel studio 6.0/extensions/atmel/avrgcc/3.4.1.95/avrtoolchain/bin/../lib/gcc/avr/4.6.2/../../../../avr/lib/avr51\libc.a(puts.o)
 .debug_frame   0x00001020       0x3c c:/program files (x86)/atmel/atmel studio 6.0/extensions/atmel/avrgcc/3.4.1.95/avrtoolchain/bin/../lib/gcc/avr/4.6.2/../../../../avr/lib/avr51\libc.a(sprintf.o)
 .debug_frame   0x0000105c       0x3c c:/program files (x86)/atmel/atmel studio 6.0/extensions/atmel/avrgcc/3.4.1.95/avrtoolchain/bin/../lib/gcc/avr/4.6.2/../../../../avr/lib/avr51\libc.a(vsnprintf.o)
 .debug_frame   0x00001098       0x84 c:/program files (x86)/atmel/atmel studio 6.0/extensions/atmel/avrgcc/3.4.1.95/avrtoolchain/bin/../lib/gcc/avr/4.6.2/../../../../avr/lib/avr51\libc.a(vfprintf_std.o)
 .debug_frame   0x0000111c       0x38 c:/program files (x86)/atmel/atmel studio 6.0/extensions/atmel/avrgcc/3.4.1.95/avrtoolchain/bin/../lib/gcc/avr/4.6.2/../../../../avr/lib/avr51\libc.a(fputc.o)

.debug_str      0x00000000     0x16ed
 *(.debug_str)
 .debug_str     0x00000000       0xb7 apps/adc.o
                                 0xeb (size before relaxing)
 .debug_str     0x000000b7      0x230 apps/dhcpc.o
                                0x355 (size before relaxing)
 .debug_str     0x000002e7       0xc0 apps/lcd.o
                                0x18d (size before relaxing)
 .debug_str     0x000003a7      0x3ff apps/umqtt.o
                                0x59e (size before relaxing)
 .debug_str     0x000007a6       0x11 delay/delay.o
                                0x12c (size before relaxing)
 .debug_str     0x000007b7       0xc7 Ecotis.o
                                0x1f1 (size before relaxing)
 .debug_str     0x0000087e      0x239 enc28j60/enc28j60.o
                                0x336 (size before relaxing)
 .debug_str     0x00000ab7      0x273 main.o
                                0x6b3 (size before relaxing)
 .debug_str     0x00000d2a      0x105 spim/spim.o
                                0x1d2 (size before relaxing)
 .debug_str     0x00000e2f       0x95 timers/tmr2.o
                                0x16b (size before relaxing)
 .debug_str     0x00000ec4       0x34 uip/nic.o
                                0x145 (size before relaxing)
 .debug_str     0x00000ef8      0x118 uip/psock.o
                                0x442 (size before relaxing)
 .debug_str     0x00001010       0x41 uip/timer.o
                                0x123 (size before relaxing)
 .debug_str     0x00001051       0x98 uip/uip-empty-packet.o
                                0x1b1 (size before relaxing)
 .debug_str     0x000010e9       0x3f uip/uip-split.o
                                0x1ca (size before relaxing)
 .debug_str     0x00001128      0x257 uip/uip.o
                                0x72c (size before relaxing)
 .debug_str     0x0000137f      0x101 uip/uip_arp.o
                                0x2c1 (size before relaxing)
 .debug_str     0x00001480       0x6d c:/program files (x86)/atmel/atmel studio 6.0/extensions/atmel/avrgcc/3.4.1.95/avrtoolchain/bin/../lib/gcc/avr/4.6.2/../../../../avr/lib/avr51\libc.a(puts.o)
                                 0xf8 (size before relaxing)
 .debug_str     0x000014ed       0x5a c:/program files (x86)/atmel/atmel studio 6.0/extensions/atmel/avrgcc/3.4.1.95/avrtoolchain/bin/../lib/gcc/avr/4.6.2/../../../../avr/lib/avr51\libc.a(sprintf.o)
                                0x121 (size before relaxing)
 .debug_str     0x00001547       0x65 c:/program files (x86)/atmel/atmel studio 6.0/extensions/atmel/avrgcc/3.4.1.95/avrtoolchain/bin/../lib/gcc/avr/4.6.2/../../../../avr/lib/avr51\libc.a(vsnprintf.o)
                                0x12c (size before relaxing)
 .debug_str     0x000015ac       0x9d c:/program files (x86)/atmel/atmel studio 6.0/extensions/atmel/avrgcc/3.4.1.95/avrtoolchain/bin/../lib/gcc/avr/4.6.2/../../../../avr/lib/avr51\libc.a(vfprintf_std.o)
                                0x16b (size before relaxing)
 .debug_str     0x00001649       0x56 c:/program files (x86)/atmel/atmel studio 6.0/extensions/atmel/avrgcc/3.4.1.95/avrtoolchain/bin/../lib/gcc/avr/4.6.2/../../../../avr/lib/avr51\libc.a(fputc.o)
                                 0xfb (size before relaxing)
 .debug_str     0x0000169f       0x4e c:/program files (x86)/atmel/atmel studio 6.0/extensions/atmel/avrgcc/3.4.1.95/avrtoolchain/bin/../lib/gcc/avr/4.6.2/../../../../avr/lib/avr51\libc.a(iob.o)
                                 0xf2 (size before relaxing)

.debug_loc      0x00000000     0x4306
 *(.debug_loc)
 .debug_loc     0x00000000      0x4c5 apps/dhcpc.o
 .debug_loc     0x000004c5      0x179 apps/lcd.o
 .debug_loc     0x0000063e      0xcc1 apps/umqtt.o
 .debug_loc     0x000012ff       0x43 delay/delay.o
 .debug_loc     0x00001342       0x5b Ecotis.o
 .debug_loc     0x0000139d      0x7fe enc28j60/enc28j60.o
 .debug_loc     0x00001b9b      0x489 main.o
 .debug_loc     0x00002024      0x473 spim/spim.o
 .debug_loc     0x00002497      0x352 timers/tmr2.o
 .debug_loc     0x000027e9       0x7f uip/nic.o
 .debug_loc     0x00002868      0x5cd uip/psock.o
 .debug_loc     0x00002e35      0x145 uip/timer.o
 .debug_loc     0x00002f7a       0xc1 uip/uip-split.o
 .debug_loc     0x0000303b      0x86f uip/uip.o
 .debug_loc     0x000038aa      0x1b2 uip/uip_arp.o
 .debug_loc     0x00003a5c       0xe0 c:/program files (x86)/atmel/atmel studio 6.0/extensions/atmel/avrgcc/3.4.1.95/avrtoolchain/bin/../lib/gcc/avr/4.6.2/../../../../avr/lib/avr51\libc.a(puts.o)
 .debug_loc     0x00003b3c       0x55 c:/program files (x86)/atmel/atmel studio 6.0/extensions/atmel/avrgcc/3.4.1.95/avrtoolchain/bin/../lib/gcc/avr/4.6.2/../../../../avr/lib/avr51\libc.a(sprintf.o)
 .debug_loc     0x00003b91       0xf3 c:/program files (x86)/atmel/atmel studio 6.0/extensions/atmel/avrgcc/3.4.1.95/avrtoolchain/bin/../lib/gcc/avr/4.6.2/../../../../avr/lib/avr51\libc.a(vsnprintf.o)
 .debug_loc     0x00003c84      0x5e9 c:/program files (x86)/atmel/atmel studio 6.0/extensions/atmel/avrgcc/3.4.1.95/avrtoolchain/bin/../lib/gcc/avr/4.6.2/../../../../avr/lib/avr51\libc.a(vfprintf_std.o)
 .debug_loc     0x0000426d       0x99 c:/program files (x86)/atmel/atmel studio 6.0/extensions/atmel/avrgcc/3.4.1.95/avrtoolchain/bin/../lib/gcc/avr/4.6.2/../../../../avr/lib/avr51\libc.a(fputc.o)

.debug_macinfo
 *(.debug_macinfo)
OUTPUT(Ecotis_new.elf elf32-avr)
LOAD linker stubs

.debug_ranges   0x00000000       0xe0
 .debug_ranges  0x00000000       0x78 apps/umqtt.o
 .debug_ranges  0x00000078       0x18 uip/psock.o
 .debug_ranges  0x00000090       0x10 c:/program files (x86)/atmel/atmel studio 6.0/extensions/atmel/avrgcc/3.4.1.95/avrtoolchain/bin/../lib/gcc/avr/4.6.2/../../../../avr/lib/avr51\libc.a(puts.o)
 .debug_ranges  0x000000a0       0x10 c:/program files (x86)/atmel/atmel studio 6.0/extensions/atmel/avrgcc/3.4.1.95/avrtoolchain/bin/../lib/gcc/avr/4.6.2/../../../../avr/lib/avr51\libc.a(sprintf.o)
 .debug_ranges  0x000000b0       0x10 c:/program files (x86)/atmel/atmel studio 6.0/extensions/atmel/avrgcc/3.4.1.95/avrtoolchain/bin/../lib/gcc/avr/4.6.2/../../../../avr/lib/avr51\libc.a(vsnprintf.o)
 .debug_ranges  0x000000c0       0x10 c:/program files (x86)/atmel/atmel studio 6.0/extensions/atmel/avrgcc/3.4.1.95/avrtoolchain/bin/../lib/gcc/avr/4.6.2/../../../../avr/lib/avr51\libc.a(vfprintf_std.o)
 .debug_ranges  0x000000d0       0x10 c:/program files (x86)/atmel/atmel studio 6.0/extensions/atmel/avrgcc/3.4.1.95/avrtoolchain/bin/../lib/gcc/avr/4.6.2/../../../../avr/lib/avr51\libc.a(fputc.o)
